=== RUN   TestB409U7PGSeedPhase
2026/09/27 13:11:38 INFO cards.driver_carrier 列已存在，跳过加列
2026/09/27 13:11:38 INFO cards.driver_source 列已存在，跳过加列
2026/09/27 13:11:38 INFO 开始重建未决工单投影
2026/09/27 13:11:38 INFO 从权威事件流重建未决工单投影 mirror_events=0 open_tickets=0 ledger_seq=0
2026/09/27 13:11:38 INFO 未决工单投影重建完成 duration_ms=5
2026/09/27 13:11:38 INFO 账本库已打开 dialect=postgres database=handoff_b409_test
2026/09/27 13:11:38 INFO 写入工作流版本 name=u7-matrix-1790485889 version=1 nodes=2 dispatch_nodes=0 produces_nodes=0 board_columns=0
2026/09/27 13:11:38 INFO 导入卡完成 card=B911790485889 workflow=u7-matrix-1790485889 source=b409-u7-matrix
2026/09/27 13:11:38 INFO 导入卡完成 card=C911790485889 workflow=u7-matrix-1790485889 source=b409-u7-matrix
2026/09/27 13:11:39 INFO 镜像事件写入完成 card=B911790485889 target=u7-mirror-1790485889 task=u7-task-lifecycle node="" attempt="" seq=1 type=question
2026/09/27 13:11:39 INFO 镜像事件写入完成 card=B911790485889 target=u7-mirror-1790485889 task=u7-task-lifecycle node="" attempt="" seq=2 type=ticket_answered
2026/09/27 13:11:39 INFO 镜像事件写入完成 card=B911790485889 target=u7-mirror-1790485889 task=u7-task-open node="" attempt="" seq=1 type=question
2026/09/27 13:11:39 INFO 镜像事件写入完成 card=C911790485889 target=u7-mirror-1790485889 task=u7-task-open-b node="" attempt="" seq=1 type=question
2026/09/27 13:11:39 INFO 镜像事件写入完成 card=B911790485889 target=u7-mirror-1790485889 task=u7-envelope-probe node="" attempt="" seq=1 type=message
    rooms_history_perf_test.go:699: B409_U7_ENVELOPE real_top_keys=[attempt node payload task_type] bulk_top_keys=[attempt node payload task_type]
    rooms_history_perf_test.go:700: B409_U7_STAGE phase=1-baseline total_events=21021 mirror_rows=9342 mirror_payload_bytes=7086196 total_payload_bytes=7864113 types=card_created=2,room_message=253,session_created=2,task_mirrored=9342,unrelated_event=11422
    rooms_history_perf_test.go:701: B409_U7_FIXTURE run_id=b409-u7-web-1790485889 card_a=B911790485889 card_b=C911790485889 session_main=session:1 session_empty=session:2 wait_member=agent:u7-wait-1790485889 idle_member=agent:u7-idle-1790485889 mirror_target=u7-mirror-1790485889 project=u7-matrix-1790485889 room_messages=250
--- PASS: TestB409U7PGSeedPhase (0.64s)
PASS
ok  	github.com/Xsxdot/handoff/internal/ledger	1.129s
